<?xml version="1.0" encoding="utf-8"?><testsuites><testsuite name="pytest" errors="0" failures="12" skipped="0" tests="38" time="2.378" timestamp="2025-07-10T06:32:56.937784-04:00" hostname="Tams-MacBook-Pro.local"><testcase classname="unit.utils.test_mcp_integration_utils.TestNaturalLanguageParser" name="test_parse_mcp_help_command" time="0.227"><failure message="AttributeError: 'NaturalLanguageParser' object has no attribute 'parse_command'">self = &lt;test_mcp_integration_utils.TestNaturalLanguageParser object at 0x10dcf7710&gt;
parser = &lt;violentutf.utils.mcp_integration.NaturalLanguageParser object at 0x10d962600&gt;

    def test_parse_mcp_help_command(self, parser):
        """Test parsing help commands"""
        test_cases = ["/mcp help", "show mcp commands", "what can mcp do", "mcp usage"]
    
        for text in test_cases:
&gt;           command = parser.parse_command(text)
E           AttributeError: 'NaturalLanguageParser' object has no attribute 'parse_command'

tests/unit/utils/test_mcp_integration_utils.py:37: AttributeError</failure></testcase><testcase classname="unit.utils.test_mcp_integration_utils.TestMCPCommand" name="test_command_defaults" time="0.235" /><testcase classname="unit.utils.test_mcp_integration_utils.TestContextAnalyzer" name="test_resource_tracking" time="0.235"><failure message="AttributeError: 'ContextAnalyzer' object has no attribute 'analyze_context'">self = &lt;test_mcp_integration_utils.TestContextAnalyzer object at 0x114a28e60&gt;
analyzer = &lt;violentutf.utils.mcp_integration.ContextAnalyzer object at 0x114a7b980&gt;

    def test_resource_tracking(self, analyzer):
        """Test tracking mentioned resources"""
        messages = [
            {"role": "user", "content": "Load the jailbreak dataset"},
            {"role": "assistant", "content": "Loaded jailbreak dataset"},
            {"role": "user", "content": "Also load the bias-test dataset"},
        ]
    
&gt;       analysis = analyzer.analyze_context(messages)
E       AttributeError: 'ContextAnalyzer' object has no attribute 'analyze_context'

tests/unit/utils/test_mcp_integration_utils.py:234: AttributeError</failure></testcase><testcase classname="unit.utils.test_phase3_command_parser.TestNaturalLanguageParser" name="test_explicit_help_command" time="0.235" /><testcase classname="unit.test_placeholder" name="test_placeholder" time="0.237" /><testcase classname="unit.utils.test_mcp_integration_utils.TestConfigurationIntentDetector" name="test_detect_scorer_configuration" time="0.236" /><testcase classname="unit.utils.test_mcp_integration_utils.TestContextAnalyzer" name="test_analyze_security_context" time="0.240"><failure message="AttributeError: 'ContextAnalyzer' object has no attribute 'analyze_context'">self = &lt;test_mcp_integration_utils.TestContextAnalyzer object at 0x11ac61c40&gt;
analyzer = &lt;violentutf.utils.mcp_integration.ContextAnalyzer object at 0x11ab63770&gt;

    def test_analyze_security_context(self, analyzer):
        """Test analyzing security-focused context"""
        messages = [
            {"role": "user", "content": "I need to test for jailbreak vulnerabilities"},
            {"role": "assistant", "content": "I can help you test for jailbreak vulnerabilities"},
            {"role": "user", "content": "What datasets should I use?"},
        ]
    
&gt;       analysis = analyzer.analyze_context(messages)
E       AttributeError: 'ContextAnalyzer' object has no attribute 'analyze_context'

tests/unit/utils/test_mcp_integration_utils.py:204: AttributeError</failure></testcase><testcase classname="unit.utils.test_phase3_command_parser.TestNaturalLanguageParser" name="test_case_insensitive_parsing" time="0.240" /><testcase classname="unit.utils.test_mcp_integration_utils.TestNaturalLanguageParser" name="test_parse_dataset_commands" time="0.241"><failure message="AttributeError: 'NaturalLanguageParser' object has no attribute 'parse_command'">self = &lt;test_mcp_integration_utils.TestNaturalLanguageParser object at 0x118458170&gt;
parser = &lt;violentutf.utils.mcp_integration.NaturalLanguageParser object at 0x1184ab980&gt;

    def test_parse_dataset_commands(self, parser):
        """Test parsing dataset commands"""
&gt;       command = parser.parse_command("/mcp dataset jailbreak-v1")
E       AttributeError: 'NaturalLanguageParser' object has no attribute 'parse_command'

tests/unit/utils/test_mcp_integration_utils.py:57: AttributeError</failure></testcase><testcase classname="unit.utils.test_phase3_command_parser.TestNaturalLanguageParser" name="test_parameter_extraction" time="0.238" /><testcase classname="unit.utils.test_phase3_command_parser.TestConfigurationIntentDetector" name="test_dataset_intent_detection" time="0.237" /><testcase classname="unit.utils.test_phase3_command_parser.TestNaturalLanguageParser" name="test_dataset_commands" time="0.238" /><testcase classname="unit.utils.test_mcp_integration_utils.TestConfigurationIntentDetector" name="test_detect_generator_creation" time="0.239" /><testcase classname="unit.utils.test_phase3_command_parser.TestNaturalLanguageParser" name="test_analyze_commands" time="0.001" /><testcase classname="unit.test_placeholder" name="test_import_violentutf" time="0.000" /><testcase classname="unit.utils.test_mcp_integration_utils.TestNaturalLanguageParser" name="test_parse_unknown_command" time="0.236"><failure message="AttributeError: 'NaturalLanguageParser' object has no attribute 'parse_command'">self = &lt;test_mcp_integration_utils.TestNaturalLanguageParser object at 0x1192ffc20&gt;
parser = &lt;violentutf.utils.mcp_integration.NaturalLanguageParser object at 0x1193ab260&gt;

    def test_parse_unknown_command(self, parser):
        """Test parsing unknown commands"""
&gt;       command = parser.parse_command("random text")
E       AttributeError: 'NaturalLanguageParser' object has no attribute 'parse_command'

tests/unit/utils/test_mcp_integration_utils.py:75: AttributeError</failure></testcase><testcase classname="unit.utils.test_phase3_command_parser.TestNaturalLanguageParser" name="test_unknown_command" time="0.000" /><testcase classname="unit.utils.test_phase3_command_parser.TestConfigurationIntentDetector" name="test_extract_generator_params" time="0.002" /><testcase classname="unit.utils.test_mcp_integration_utils.TestContextAnalyzer" name="test_analyze_empty_context" time="0.000"><failure message="AttributeError: 'ContextAnalyzer' object has no attribute 'analyze_context'">self = &lt;test_mcp_integration_utils.TestContextAnalyzer object at 0x11ae29eb0&gt;
analyzer = &lt;violentutf.utils.mcp_integration.ContextAnalyzer object at 0x11aee1130&gt;

    def test_analyze_empty_context(self, analyzer):
        """Test analyzing empty context"""
&gt;       analysis = analyzer.analyze_context([])
E       AttributeError: 'ContextAnalyzer' object has no attribute 'analyze_context'

tests/unit/utils/test_mcp_integration_utils.py:191: AttributeError</failure></testcase><testcase classname="unit.utils.test_phase3_command_parser.TestMCPCommandStructure" name="test_command_default_arguments" time="0.001" /><testcase classname="unit.utils.test_mcp_integration_utils.TestConfigurationIntentDetector" name="test_detect_dataset_operations" time="0.237" /><testcase classname="unit.utils.test_mcp_integration_utils.TestNaturalLanguageParser" name="test_detect_mcp_intent" time="0.243"><failure message="AttributeError: 'NaturalLanguageParser' object has no attribute 'detect_mcp_intent'">self = &lt;test_mcp_integration_utils.TestNaturalLanguageParser object at 0x10e784b90&gt;
parser = &lt;violentutf.utils.mcp_integration.NaturalLanguageParser object at 0x10e81fb90&gt;

    def test_detect_mcp_intent(self, parser):
        """Test MCP intent detection"""
&gt;       assert parser.detect_mcp_intent("I want to enhance my prompt") is True
E       AttributeError: 'NaturalLanguageParser' object has no attribute 'detect_mcp_intent'

tests/unit/utils/test_mcp_integration_utils.py:93: AttributeError</failure></testcase><testcase classname="unit.utils.test_phase3_command_parser.TestNaturalLanguageParser" name="test_explicit_test_commands" time="0.000" /><testcase classname="unit.utils.test_phase3_command_parser.TestConfigurationIntentDetector" name="test_generator_intent_detection" time="0.000" /><testcase classname="unit.utils.test_phase3_command_parser.TestNaturalLanguageParser" name="test_enhance_commands" time="0.000" /><testcase classname="unit.utils.test_phase3_command_parser.TestNaturalLanguageParser" name="test_command_suggestions" time="0.001" /><testcase classname="unit.utils.test_phase3_command_parser.TestConfigurationIntentDetector" name="test_orchestrator_intent_detection" time="0.001" /><testcase classname="unit.utils.test_mcp_integration_utils.TestConfigurationIntentDetector" name="test_detect_orchestrator_setup" time="0.000" /><testcase classname="unit.utils.test_mcp_integration_utils.TestConfigurationIntentDetector" name="test_extract_generator_params" time="0.002" /><testcase classname="unit.utils.test_phase3_command_parser.TestConfigurationIntentDetector" name="test_no_intent_detection" time="0.001" /><testcase classname="unit.utils.test_phase3_command_parser.TestMCPCommandStructure" name="test_command_creation" time="0.000" /><testcase classname="unit.utils.test_mcp_integration_utils.TestNaturalLanguageParser" name="test_parse_test_commands" time="0.000"><failure message="AttributeError: 'NaturalLanguageParser' object has no attribute 'parse_command'">self = &lt;test_mcp_integration_utils.TestNaturalLanguageParser object at 0x10dcf7a70&gt;
parser = &lt;violentutf.utils.mcp_integration.NaturalLanguageParser object at 0x10de7bcb0&gt;

    def test_parse_test_commands(self, parser):
        """Test parsing test commands"""
&gt;       command = parser.parse_command("/mcp test jailbreak")
E       AttributeError: 'NaturalLanguageParser' object has no attribute 'parse_command'

tests/unit/utils/test_mcp_integration_utils.py:43: AttributeError</failure></testcase><testcase classname="unit.utils.test_mcp_integration_utils.TestNaturalLanguageParser" name="test_extract_parameters" time="0.001"><failure message="AssertionError: assert None == 'gpt-4'&#10; +  where None = &lt;built-in method get of dict object at 0x1194dd880&gt;('model')&#10; +    where &lt;built-in method get of dict object at 0x1194dd880&gt; = {}.get">self = &lt;test_mcp_integration_utils.TestNaturalLanguageParser object at 0x119360080&gt;
parser = &lt;violentutf.utils.mcp_integration.NaturalLanguageParser object at 0x1193aadb0&gt;

    def test_extract_parameters(self, parser):
        """Test parameter extraction from natural language"""
        params = parser.extract_parameters("create a generator with temperature 0.8 and max_tokens 1000")
        assert params.get("temperature") == 0.8
        assert params.get("max_tokens") == 1000
    
        params = parser.extract_parameters("use gpt-4 model with top_p 0.9")
&gt;       assert params.get("model") == "gpt-4"
E       AssertionError: assert None == 'gpt-4'
E        +  where None = &lt;built-in method get of dict object at 0x1194dd880&gt;('model')
E        +    where &lt;built-in method get of dict object at 0x1194dd880&gt; = {}.get

tests/unit/utils/test_mcp_integration_utils.py:88: AssertionError</failure></testcase><testcase classname="unit.utils.test_mcp_integration_utils.TestMCPCommand" name="test_command_creation" time="0.000" /><testcase classname="unit.utils.test_mcp_integration_utils.TestNaturalLanguageParser" name="test_parse_enhance_commands" time="0.000"><failure message="AttributeError: 'NaturalLanguageParser' object has no attribute 'parse_command'">self = &lt;test_mcp_integration_utils.TestNaturalLanguageParser object at 0x118458230&gt;
parser = &lt;violentutf.utils.mcp_integration.NaturalLanguageParser object at 0x1184abd70&gt;

    def test_parse_enhance_commands(self, parser):
        """Test parsing enhance commands"""
        test_cases = ["/mcp enhance", "enhance this prompt", "improve this prompt", "make this prompt better"]
    
        for text in test_cases:
&gt;           command = parser.parse_command(text)
E           AttributeError: 'NaturalLanguageParser' object has no attribute 'parse_command'

tests/unit/utils/test_mcp_integration_utils.py:70: AttributeError</failure></testcase><testcase classname="unit.utils.test_mcp_integration_utils.TestContextAnalyzer" name="test_detect_incomplete_workflow" time="0.000"><failure message="AttributeError: 'ContextAnalyzer' object has no attribute 'analyze_context'">self = &lt;test_mcp_integration_utils.TestContextAnalyzer object at 0x11ac61730&gt;
analyzer = &lt;violentutf.utils.mcp_integration.ContextAnalyzer object at 0x11acab140&gt;

    def test_detect_incomplete_workflow(self, analyzer):
        """Test detecting incomplete configuration workflow"""
        messages = [
            {"role": "user", "content": "I created a GPT-4 generator"},
            {"role": "assistant", "content": "Generator created successfully"},
        ]
    
&gt;       analysis = analyzer.analyze_context(messages)
E       AttributeError: 'ContextAnalyzer' object has no attribute 'analyze_context'

tests/unit/utils/test_mcp_integration_utils.py:220: AttributeError</failure></testcase><testcase classname="unit.utils.test_phase3_command_parser.TestConfigurationIntentDetector" name="test_scorer_intent_detection" time="0.000" /><testcase classname="unit.utils.test_mcp_integration_utils.TestNaturalLanguageParser" name="test_get_command_suggestions" time="0.000"><failure message="AttributeError: 'NaturalLanguageParser' object has no attribute 'get_command_suggestions'">self = &lt;test_mcp_integration_utils.TestNaturalLanguageParser object at 0x10e784e00&gt;
parser = &lt;violentutf.utils.mcp_integration.NaturalLanguageParser object at 0x10e7d7c80&gt;

    def test_get_command_suggestions(self, parser):
        """Test command suggestions"""
&gt;       suggestions = parser.get_command_suggestions("enh")
E       AttributeError: 'NaturalLanguageParser' object has no attribute 'get_command_suggestions'

tests/unit/utils/test_mcp_integration_utils.py:100: AttributeError</failure></testcase></testsuite></testsuites>